>>> MAIN SCRIPT INIT STARTED
>>> TERRAIN INIT STARTED
>>> TERRAIN INIT FINISHED WITH DYNAMIC ATLAS SUCCESS!
>>> SPAWNING POTATO: 1 team: 1 x: 234.71130371094 y: 188
>>> SPAWNING POTATO: 2 team: 2 x: 722.96264648438 y: 184
>>> TERRAIN ON_MESSAGE GENERATE_TERRAIN: flat
>>> MAIN SCRIPT INIT STARTED
>>> TERRAIN INIT STARTED
>>> TERRAIN INIT FINISHED WITH DYNAMIC ATLAS SUCCESS!
>>> SPAWNING POTATO: 1 team: 1 x: 234.71130371094 y: 188
>>> SPAWNING POTATO: 2 team: 2 x: 722.96264648438 y: 184
>>> TERRAIN ON_MESSAGE GENERATE_TERRAIN: flat
>>> PROJECTILE DETONATING AT: 716.40121929726 152.66844487918 weapon: grenade
>>> TERRAIN ON_MESSAGE CARVE_CRATER at: 716.40121929726 152.66844487918 r: 36
>>> EXPLOSION INIT RADIUS: 36
>>> PROJECTILE DETONATING AT: 247.73733069674 188.30984324334 weapon: grenade
>>> TERRAIN ON_MESSAGE CARVE_CRATER at: 247.73733069674 188.30984324334 r: 36
>>> EXPLOSION INIT RADIUS: 36
>>> PROJECTILE DETONATING AT: 686.52191162109 127.14894866943 weapon: grenade
>>> TERRAIN ON_MESSAGE CARVE_CRATER at: 686.52191162109 127.14894866943 r: 36
>>> EXPLOSION INIT RADIUS: 36
>>> PROJECTILE DETONATING AT: 154.10259816116 189.26127473965 weapon: grenade
>>> TERRAIN ON_MESSAGE CARVE_CRATER at: 154.10259816116 189.26127473965 r: 36
>>> EXPLOSION INIT RADIUS: 36
>>> PROJECTILE DETONATING AT: 674.32574462891 95.013481140137 weapon: grenade
>>> TERRAIN ON_MESSAGE CARVE_CRATER at: 674.32574462891 95.013481140137 r: 36
>>> EXPLOSION INIT RADIUS: 36
>>> PROJECTILE DETONATING AT: 419.96682739258 181.79960632324 weapon: knife
>>> TERRAIN ON_MESSAGE CARVE_CRATER at: 419.96682739258 181.79960632324 r: 14
>>> EXPLOSION INIT RADIUS: 14
>>> MAIN SCRIPT INIT STARTED
>>> TERRAIN INIT STARTED
>>> TERRAIN INIT FINISHED WITH DYNAMIC ATLAS SUCCESS!
>>> SPAWNING POTATO: 1 team: 1 x: 234.71130371094 y: 188
>>> SPAWNING POTATO: 2 team: 2 x: 722.96264648438 y: 184
>>> TERRAIN ON_MESSAGE GENERATE_TERRAIN: flat
>>> PROJECTILE DETONATING AT: 711.42264024989 129.55596219475 weapon: grenade
>>> TERRAIN ON_MESSAGE CARVE_CRATER at: 711.42264024989 129.55596219475 r: 36
>>> EXPLOSION INIT RADIUS: 36
>>> PROJECTILE DETONATING AT: 247.26350037673 195.50215902156 weapon: grenade
>>> TERRAIN ON_MESSAGE CARVE_CRATER at: 247.26350037673 195.50215902156 r: 36
>>> EXPLOSION INIT RADIUS: 36
>>> PROJECTILE DETONATING AT: 780.77576087415 150.14289493157 weapon: rifle
>>> TERRAIN ON_MESSAGE CARVE_CRATER at: 780.77576087415 150.14289493157 r: 14
>>> EXPLOSION INIT RADIUS: 14
>>> PROJECTILE DETONATING AT: 146.30042301029 196.50398555669 weapon: grenade
>>> TERRAIN ON_MESSAGE CARVE_CRATER at: 146.30042301029 196.50398555669 r: 36
>>> EXPLOSION INIT RADIUS: 36
>>> PROJECTILE DETONATING AT: 778.33478965711 142.69058498737 weapon: grenade
>>> TERRAIN ON_MESSAGE CARVE_CRATER at: 778.33478965711 142.69058498737 r: 36
>>> EXPLOSION INIT RADIUS: 36
>>> PROJECTILE DETONATING AT: 369.22968038571 169.46803240476 weapon: rifle
>>> TERRAIN ON_MESSAGE CARVE_CRATER at: 369.22968038571 169.46803240476 r: 14
>>> EXPLOSION INIT RADIUS: 14
>>> PROJECTILE DETONATING AT: 730.97247314453 148.85180664063 weapon: knife
>>> TERRAIN ON_MESSAGE CARVE_CRATER at: 730.97247314453 148.85180664063 r: 14
>>> EXPLOSION INIT RADIUS: 14
>>> PROJECTILE DETONATING AT: 383.94711262335 166.95011758089 weapon: rifle
>>> TERRAIN ON_MESSAGE CARVE_CRATER at: 383.94711262335 166.95011758089 r: 14
>>> EXPLOSION INIT RADIUS: 14
>>> PROJECTILE DETONATING AT: 835.30700098811 140.38715172688 weapon: rifle
>>> TERRAIN ON_MESSAGE CARVE_CRATER at: 835.30700098811 140.38715172688 r: 14
>>> EXPLOSION INIT RADIUS: 14
>>> PROJECTILE DETONATING AT: 335.47974455676 172.71853190235 weapon: rifle
>>> TERRAIN ON_MESSAGE CARVE_CRATER at: 335.47974455676 172.71853190235 r: 14
>>> EXPLOSION INIT RADIUS: 14
>>> PROJECTILE DETONATING AT: 838.84421852856 150.07637188188 weapon: grenade
>>> TERRAIN ON_MESSAGE CARVE_CRATER at: 838.84421852856 150.07637188188 r: 36
>>> EXPLOSION INIT RADIUS: 36
>>> SPAWNING POTATO: 1 team: 1 x: 246.93176269531 y: 170
>>> SPAWNING POTATO: 2 team: 2 x: 717.50671386719 y: 106
>>> TERRAIN ON_MESSAGE GENERATE_TERRAIN: flat
>>> PROJECTILE DETONATING AT: 686.26892089844 124.28968811035 weapon: grenade
>>> TERRAIN ON_MESSAGE CARVE_CRATER at: 686.26892089844 124.28968811035 r: 36
>>> EXPLOSION INIT RADIUS: 36
>>> PROJECTILE DETONATING AT: 259.44648112311 200.82427980564 weapon: grenade
>>> TERRAIN ON_MESSAGE CARVE_CRATER at: 259.44648112311 200.82427980564 r: 36
>>> EXPLOSION INIT RADIUS: 36
>>> MAIN SCRIPT INIT STARTED
>>> TERRAIN INIT STARTED
>>> TERRAIN INIT FINISHED WITH DYNAMIC ATLAS SUCCESS!
>>> SPAWNING POTATO: 1 team: 1 x: 231.82922363281 y: 340
>>> SPAWNING POTATO: 2 team: 2 x: 718.9599609375 y: 258
>>> TERRAIN ON_MESSAGE GENERATE_TERRAIN: flat
>>> PROJECTILE DETONATING AT: 707.86753474478 210.32125605759 weapon: grenade
>>> TERRAIN ON_MESSAGE CARVE_CRATER at: 707.86753474478 210.32125605759 r: 36
>>> EXPLOSION INIT RADIUS: 36
>>> PROJECTILE DETONATING AT: 696.31408691406 179.02267456055 weapon: grenade
>>> TERRAIN ON_MESSAGE CARVE_CRATER at: 696.31408691406 179.02267456055 r: 36
>>> EXPLOSION INIT RADIUS: 36
>>> PROJECTILE DETONATING AT: 764.01477310834 212.05722753399 weapon: rifle
>>> TERRAIN ON_MESSAGE CARVE_CRATER at: 764.01477310834 212.05722753399 r: 14
>>> EXPLOSION INIT RADIUS: 14
>>> PROJECTILE DETONATING AT: 754.45176762149 220.23532991142 weapon: knife
>>> TERRAIN ON_MESSAGE CARVE_CRATER at: 754.45176762149 220.23532991142 r: 14
>>> EXPLOSION INIT RADIUS: 14
>>> PROJECTILE DETONATING AT: 677.73670978977 167.70054364403 weapon: grenade
>>> TERRAIN ON_MESSAGE CARVE_CRATER at: 677.73670978977 167.70054364403 r: 36
>>> EXPLOSION INIT RADIUS: 36
>>> MAIN SCRIPT INIT STARTED
>>> TERRAIN INIT STARTED
>>> TERRAIN INIT FINISHED WITH DYNAMIC ATLAS SUCCESS!
>>> SPAWNING POTATO: 1 team: 1 x: 231.82922363281 y: 340
>>> SPAWNING POTATO: 2 team: 2 x: 718.9599609375 y: 258
>>> TERRAIN ON_MESSAGE GENERATE_TERRAIN: flat
>>> MAIN SCRIPT INIT STARTED
>>> TERRAIN INIT STARTED
>>> TERRAIN INIT FINISHED WITH DYNAMIC ATLAS SUCCESS!
>>> SPAWNING POTATO: 1 team: 1 x: 231.82922363281 y: 340
>>> SPAWNING POTATO: 2 team: 2 x: 718.9599609375 y: 258
>>> TERRAIN ON_MESSAGE GENERATE_TERRAIN: flat
>>> PROJECTILE DETONATING AT: 703.6945631256 211.71528088157 weapon: grenade
>>> TERRAIN ON_MESSAGE CARVE_CRATER at: 703.6945631256 211.71528088157 r: 36
>>> EXPLOSION INIT RADIUS: 36
>>> MAIN SCRIPT INIT STARTED
>>> TERRAIN INIT STARTED
>>> TERRAIN INIT FINISHED WITH DYNAMIC ATLAS SUCCESS!
>>> SPAWNING POTATO: 1 team: 1 x: 231.82922363281 y: 340
>>> SPAWNING POTATO: 2 team: 2 x: 718.9599609375 y: 258
>>> TERRAIN ON_MESSAGE GENERATE_TERRAIN: flat
>>> PROJECTILE DETONATING AT: 706.02616894113 203.93701581217 weapon: grenade
>>> TERRAIN ON_MESSAGE CARVE_CRATER at: 706.02616894113 203.93701581217 r: 36
>>> EXPLOSION INIT RADIUS: 36
>>> MAIN SCRIPT INIT STARTED
>>> TERRAIN INIT STARTED
>>> TERRAIN INIT FINISHED WITH DYNAMIC ATLAS SUCCESS!
>>> SPAWNING POTATO: 1 team: 1 x: 243.21716308594 y: 356
>>> SPAWNING POTATO: 2 team: 2 x: 725.81176757813 y: 298
>>> TERRAIN ON_MESSAGE GENERATE_TERRAIN: flat
>>> PROJECTILE DETONATING AT: 712.49285601656 234.95349243522 weapon: grenade
>>> TERRAIN ON_MESSAGE CARVE_CRATER at: 712.49285601656 234.95349243522 r: 36
>>> EXPLOSION INIT RADIUS: 36
>>> PROJECTILE DETONATING AT: 250.95380943431 254.88461645764 weapon: grenade
>>> TERRAIN ON_MESSAGE CARVE_CRATER at: 250.95380943431 254.88461645764 r: 36
>>> EXPLOSION INIT RADIUS: 36
>>> MAIN SCRIPT INIT STARTED
>>> TERRAIN INIT STARTED
>>> TERRAIN INIT FINISHED WITH DYNAMIC ATLAS SUCCESS!
>>> SPAWNING POTATO: 1 team: 1 x: 185.81176757813 y: 362
>>> SPAWNING POTATO: 2 team: 1 x: 301.26525878906 y: 374
>>> SPAWNING POTATO: 3 team: 2 x: 650.80749511719 y: 284
>>> SPAWNING POTATO: 4 team: 2 x: 787.62756347656 y: 308
>>> TERRAIN ON_MESSAGE GENERATE_TERRAIN: bunkers
>>> PROJECTILE DETONATING AT: 469.19903564453 178.78277587891 weapon: grenade
>>> TERRAIN ON_MESSAGE CARVE_CRATER at: 469.19903564453 178.78277587891 r: 36
>>> EXPLOSION INIT RADIUS: 36
>>> SPAWNING POTATO: 1 team: 1 x: 177.06420898438 y: 266
>>> SPAWNING POTATO: 2 team: 1 x: 305.85876464844 y: 300
>>> SPAWNING POTATO: 3 team: 2 x: 658.52111816406 y: 258
>>> SPAWNING POTATO: 4 team: 2 x: 770.380859375 y: 256
>>> TERRAIN ON_MESSAGE GENERATE_TERRAIN: hills
>>> PROJECTILE DETONATING AT: 543.09545898438 325.33242797852 weapon: grenade
>>> TERRAIN ON_MESSAGE CARVE_CRATER at: 543.09545898438 325.33242797852 r: 36
>>> EXPLOSION INIT RADIUS: 36
>>> PROJECTILE DETONATING AT: 167.91931814166 232.16033888262 weapon: grenade
>>> TERRAIN ON_MESSAGE CARVE_CRATER at: 167.91931814166 232.16033888262 r: 36
>>> EXPLOSION INIT RADIUS: 36
>>> MAIN SCRIPT INIT STARTED
>>> TERRAIN INIT STARTED
>>> TERRAIN INIT FINISHED WITH DYNAMIC ATLAS SUCCESS!
>>> SPAWNING POTATO: 1 team: 1 x: 243.21716308594 y: 356
>>> SPAWNING POTATO: 2 team: 2 x: 725.81176757813 y: 298
>>> TERRAIN ON_MESSAGE GENERATE_TERRAIN: flat
>>> MAIN SCRIPT INIT STARTED
>>> TERRAIN INIT STARTED
>>> TERRAIN INIT FINISHED WITH DYNAMIC ATLAS SUCCESS!
>>> MAIN SCRIPT INIT STARTED
>>> TERRAIN INIT STARTED
>>> TERRAIN INIT FINISHED WITH DYNAMIC ATLAS SUCCESS!
>>> MAIN SCRIPT INIT STARTED
>>> TERRAIN INIT STARTED
>>> TERRAIN INIT FINISHED WITH DYNAMIC ATLAS SUCCESS!
>>> SPAWNING POTATO: 1 team: 1 x: 243.21716308594 y: 356
>>> SPAWNING POTATO: 2 team: 2 x: 725.81176757813 y: 298
>>> TERRAIN ON_MESSAGE GENERATE_TERRAIN: flat
>>> PROJECTILE DETONATING AT: 711.29847446761 232.40860682077 weapon: grenade
>>> TERRAIN ON_MESSAGE CARVE_CRATER at: 711.29847446761 232.40860682077 r: 36
>>> EXPLOSION INIT RADIUS: 36
>>> PROJECTILE DETONATING AT: 511.72186279297 212.03775024414 weapon: grenade
>>> TERRAIN ON_MESSAGE CARVE_CRATER at: 511.72186279297 212.03775024414 r: 36
>>> EXPLOSION INIT RADIUS: 36
>>> PROJECTILE DETONATING AT: 594.83331298828 217.50291442871 weapon: grenade
>>> TERRAIN ON_MESSAGE CARVE_CRATER at: 594.83331298828 217.50291442871 r: 36
>>> EXPLOSION INIT RADIUS: 36
>>> PROJECTILE DETONATING AT: 244.38112080906 258.05379265563 weapon: rifle
>>> TERRAIN ON_MESSAGE CARVE_CRATER at: 244.38112080906 258.05379265563 r: 14
>>> EXPLOSION INIT RADIUS: 14
>>> PROJECTILE DETONATING AT: 765.51237384211 246.61489915051 weapon: grenade
>>> TERRAIN ON_MESSAGE CARVE_CRATER at: 765.51237384211 246.61489915051 r: 36
>>> EXPLOSION INIT RADIUS: 36
>>> PROJECTILE DETONATING AT: 259.64759062667 240.98986428951 weapon: rifle
>>> TERRAIN ON_MESSAGE CARVE_CRATER at: 259.64759062667 240.98986428951 r: 14
>>> EXPLOSION INIT RADIUS: 14
>>> PROJECTILE DETONATING AT: 888.85730861558 215.73461973692 weapon: rifle
>>> TERRAIN ON_MESSAGE CARVE_CRATER at: 888.85730861558 215.73461973692 r: 14
>>> EXPLOSION INIT RADIUS: 14
>>> PROJECTILE DETONATING AT: -4230.3681640625 291.6611328125 weapon: rifle
>>> TERRAIN ON_MESSAGE CARVE_CRATER at: -4230.3681640625 291.6611328125 r: 14
>>> EXPLOSION INIT RADIUS: 14
>>> PROJECTILE DETONATING AT: 253.07733795788 245.31266728808 weapon: rifle
>>> TERRAIN ON_MESSAGE CARVE_CRATER at: 253.07733795788 245.31266728808 r: 14
>>> EXPLOSION INIT RADIUS: 14
>>> PROJECTILE DETONATING AT: 608.65423583984 188.35275268555 weapon: grenade
>>> TERRAIN ON_MESSAGE CARVE_CRATER at: 608.65423583984 188.35275268555 r: 36
>>> EXPLOSION INIT RADIUS: 36
>>> PROJECTILE DETONATING AT: 827.23697022985 229.238778647 weapon: grenade
>>> TERRAIN ON_MESSAGE CARVE_CRATER at: 827.23697022985 229.238778647 r: 36
>>> EXPLOSION INIT RADIUS: 36
>>> SPAWNING POTATO: 1 team: 1 x: 238.65539550781 y: 238
>>> SPAWNING POTATO: 2 team: 2 x: 723.50891113281 y: 212
>>> TERRAIN ON_MESSAGE GENERATE_TERRAIN: flat
>>> PROJECTILE DETONATING AT: 714.58571123787 215.61871279059 weapon: grenade
>>> TERRAIN ON_MESSAGE CARVE_CRATER at: 714.58571123787 215.61871279059 r: 36
>>> EXPLOSION INIT RADIUS: 36
>>> MAIN SCRIPT INIT STARTED
>>> TERRAIN INIT STARTED
>>> TERRAIN INIT FINISHED WITH DYNAMIC ATLAS SUCCESS!
>>> SPAWNING POTATO: 1 team: 1 x: 243.21716308594 y: 356
>>> SPAWNING POTATO: 2 team: 2 x: 725.81176757813 y: 298
>>> TERRAIN ON_MESSAGE GENERATE_TERRAIN: flat
>>> PROJECTILE DETONATING AT: 713.45681473894 248.23047278393 weapon: grenade
>>> TERRAIN ON_MESSAGE CARVE_CRATER at: 713.45681473894 248.23047278393 r: 36
>>> EXPLOSION INIT RADIUS: 36
>>> MAIN SCRIPT INIT STARTED
>>> TERRAIN INIT STARTED
>>> TERRAIN INIT FINISHED WITH DYNAMIC ATLAS SUCCESS!
>>> SPAWNING POTATO: 1 team: 1 x: 243.21716308594 y: 356
>>> SPAWNING POTATO: 2 team: 2 x: 725.81176757813 y: 298
>>> TERRAIN ON_MESSAGE GENERATE_TERRAIN: flat
>>> PROJECTILE DETONATING AT: 710.40049953767 238.92664039834 weapon: grenade
>>> TERRAIN ON_MESSAGE CARVE_CRATER at: 710.40049953767 238.92664039834 r: 36
>>> EXPLOSION INIT RADIUS: 36
>>> PROJECTILE DETONATING AT: 250.70345166363 254.99733228262 weapon: grenade
>>> TERRAIN ON_MESSAGE CARVE_CRATER at: 250.70345166363 254.99733228262 r: 36
>>> EXPLOSION INIT RADIUS: 36
>>> PROJECTILE DETONATING AT: 583.41918945313 216.12982177734 weapon: grenade
>>> TERRAIN ON_MESSAGE CARVE_CRATER at: 583.41918945313 216.12982177734 r: 36
>>> EXPLOSION INIT RADIUS: 36
>>> PROJECTILE DETONATING AT: 264.01385498047 264.34555053711 weapon: knife
>>> TERRAIN ON_MESSAGE CARVE_CRATER at: 264.01385498047 264.34555053711 r: 14
>>> EXPLOSION INIT RADIUS: 14
>>> MAIN SCRIPT INIT STARTED
>>> TERRAIN INIT STARTED
>>> TERRAIN INIT FINISHED WITH DYNAMIC ATLAS SUCCESS!
>>> SPAWNING POTATO: 1 team: 1 x: 243.21716308594 y: 356
>>> SPAWNING POTATO: 2 team: 2 x: 725.81176757813 y: 298
>>> TERRAIN ON_MESSAGE GENERATE_TERRAIN: flat
>>> PROJECTILE DETONATING AT: 725.04848235338 258.04932779648 weapon: grenade
>>> TERRAIN ON_MESSAGE CARVE_CRATER at: 725.04848235338 258.04932779648 r: 36
>>> EXPLOSION INIT RADIUS: 36
>>> PROJECTILE DETONATING AT: 247.42783438037 256.42027332801 weapon: grenade
>>> TERRAIN ON_MESSAGE CARVE_CRATER at: 247.42783438037 256.42027332801 r: 36
>>> EXPLOSION INIT RADIUS: 36
>>> PROJECTILE DETONATING AT: 189.88437179242 214.47762359215 weapon: grenade
>>> TERRAIN ON_MESSAGE CARVE_CRATER at: 189.88437179242 214.47762359215 r: 36
>>> EXPLOSION INIT RADIUS: 36
>>> PROJECTILE DETONATING AT: 719.33897943543 250.92099757232 weapon: grenade
>>> TERRAIN ON_MESSAGE CARVE_CRATER at: 719.33897943543 250.92099757232 r: 36
>>> EXPLOSION INIT RADIUS: 36
>>> PROJECTILE DETONATING AT: -4404.37109375 260.9208984375 weapon: rifle
>>> TERRAIN ON_MESSAGE CARVE_CRATER at: -4404.37109375 260.9208984375 r: 14
>>> EXPLOSION INIT RADIUS: 14
>>> PROJECTILE DETONATING AT: 736.46436695106 243.74398108875 weapon: rifle
>>> TERRAIN ON_MESSAGE CARVE_CRATER at: 736.46436695106 243.74398108875 r: 14
>>> EXPLOSION INIT RADIUS: 14
>>> PROJECTILE DETONATING AT: 342.26077857386 255.77200986788 weapon: rifle
>>> TERRAIN ON_MESSAGE CARVE_CRATER at: 342.26077857386 255.77200986788 r: 14
>>> EXPLOSION INIT RADIUS: 14
>>> PROJECTILE DETONATING AT: 726.4928555642 233.08278367865 weapon: grenade
>>> TERRAIN ON_MESSAGE CARVE_CRATER at: 726.4928555642 233.08278367865 r: 36
>>> EXPLOSION INIT RADIUS: 36
>>> SPAWNING POTATO: 1 team: 1 x: 174.82971191406 y: 194
>>> SPAWNING POTATO: 2 team: 1 x: 304.45922851563 y: 250
>>> SPAWNING POTATO: 3 team: 2 x: 661.35498046875 y: 236
>>> SPAWNING POTATO: 4 team: 2 x: 772.99011230469 y: 232
>>> TERRAIN ON_MESSAGE GENERATE_TERRAIN: hills
>>> PROJECTILE DETONATING AT: 937.06048583984 415.77758789063 weapon: grenade
>>> TERRAIN ON_MESSAGE CARVE_CRATER at: 937.06048583984 415.77758789063 r: 36
>>> EXPLOSION INIT RADIUS: 36
>>> PROJECTILE DETONATING AT: 681.23411579085 293.57401966908 weapon: grenade
>>> TERRAIN ON_MESSAGE CARVE_CRATER at: 681.23411579085 293.57401966908 r: 36
>>> EXPLOSION INIT RADIUS: 36
>>> PROJECTILE DETONATING AT: 699.2784347242 280.93439298152 weapon: grenade
>>> TERRAIN ON_MESSAGE CARVE_CRATER at: 699.2784347242 280.93439298152 r: 36
>>> EXPLOSION INIT RADIUS: 36
>>> PROJECTILE DETONATING AT: 350.57919311523 232.28330993652 weapon: grenade
>>> TERRAIN ON_MESSAGE CARVE_CRATER at: 350.57919311523 232.28330993652 r: 36
>>> EXPLOSION INIT RADIUS: 36
>>> PROJECTILE DETONATING AT: 354.35999885647 207.75123134306 weapon: grenade
>>> TERRAIN ON_MESSAGE CARVE_CRATER at: 354.35999885647 207.75123134306 r: 36
>>> EXPLOSION INIT RADIUS: 36
>>> PROJECTILE DETONATING AT: 673.29514232374 259.8011813453 weapon: grenade
>>> TERRAIN ON_MESSAGE CARVE_CRATER at: 673.29514232374 259.8011813453 r: 36
>>> EXPLOSION INIT RADIUS: 36
>>> MAIN SCRIPT INIT STARTED
>>> TERRAIN INIT STARTED
>>> TERRAIN INIT FINISHED WITH DYNAMIC ATLAS SUCCESS!
>>> SPAWNING POTATO: 1 team: 1 x: 243.21716308594 y: 356
>>> SPAWNING POTATO: 2 team: 2 x: 725.81176757813 y: 298
>>> TERRAIN ON_MESSAGE GENERATE_TERRAIN: flat
>>> PROJECTILE DETONATING AT: 713.87686694038 247.20319821483 weapon: grenade
>>> TERRAIN ON_MESSAGE CARVE_CRATER at: 713.87686694038 247.20319821483 r: 36
>>> EXPLOSION INIT RADIUS: 36
>>> PROJECTILE DETONATING AT: 253.82727507998 254.77438584832 weapon: grenade
>>> TERRAIN ON_MESSAGE CARVE_CRATER at: 253.82727507998 254.77438584832 r: 36
>>> EXPLOSION INIT RADIUS: 36
>>> PROJECTILE DETONATING AT: 818.39861658885 235.13698268552 weapon: grenade
>>> TERRAIN ON_MESSAGE CARVE_CRATER at: 818.39861658885 235.13698268552 r: 36
>>> EXPLOSION INIT RADIUS: 36
>>> PROJECTILE DETONATING AT: 209.89122707064 246.0007976031 weapon: grenade
>>> TERRAIN ON_MESSAGE CARVE_CRATER at: 209.89122707064 246.0007976031 r: 36
>>> EXPLOSION INIT RADIUS: 36
>>> SPAWNING POTATO: 1 team: 1 x: 171.60522460938 y: 222
>>> SPAWNING POTATO: 2 team: 1 x: 302.36083984375 y: 250
>>> SPAWNING POTATO: 3 team: 2 x: 650.83740234375 y: 236
>>> SPAWNING POTATO: 4 team: 2 x: 771.37023925781 y: 232
>>> TERRAIN ON_MESSAGE GENERATE_TERRAIN: hills
>>> PROJECTILE DETONATING AT: 453.0027740329 183.75116097596 weapon: grenade
>>> TERRAIN ON_MESSAGE CARVE_CRATER at: 453.0027740329 183.75116097596 r: 36
>>> EXPLOSION INIT RADIUS: 36
>>> PROJECTILE DETONATING AT: 311.81544779768 244.89618061779 weapon: grenade
>>> TERRAIN ON_MESSAGE CARVE_CRATER at: 311.81544779768 244.89618061779 r: 36
>>> EXPLOSION INIT RADIUS: 36
>>> PROJECTILE DETONATING AT: 530.05652913044 209.61298076796 weapon: grenade
>>> TERRAIN ON_MESSAGE CARVE_CRATER at: 530.05652913044 209.61298076796 r: 36
>>> EXPLOSION INIT RADIUS: 36
>>> PROJECTILE DETONATING AT: 496.36999511719 189.70092773438 weapon: grenade
>>> TERRAIN ON_MESSAGE CARVE_CRATER at: 496.36999511719 189.70092773438 r: 36
>>> EXPLOSION INIT RADIUS: 36
>>> PROJECTILE DETONATING AT: 430.32022094727 160.82481384277 weapon: grenade
>>> TERRAIN ON_MESSAGE CARVE_CRATER at: 430.32022094727 160.82481384277 r: 36
>>> EXPLOSION INIT RADIUS: 36
>>> PROJECTILE DETONATING AT: 243.11039018762 255.14056027809 weapon: grenade
>>> TERRAIN ON_MESSAGE CARVE_CRATER at: 243.11039018762 255.14056027809 r: 36
>>> EXPLOSION INIT RADIUS: 36
>>> PROJECTILE DETONATING AT: 190.0982210963 280.15643941773 weapon: rifle
>>> TERRAIN ON_MESSAGE CARVE_CRATER at: 190.0982210963 280.15643941773 r: 14
>>> EXPLOSION INIT RADIUS: 14
>>> MAIN SCRIPT INIT STARTED
>>> TERRAIN INIT STARTED
>>> TERRAIN INIT FINISHED WITH DYNAMIC ATLAS SUCCESS!
>>> SPAWNING POTATO: 1 team: 1 x: 183.21716308594 y: 358
>>> SPAWNING POTATO: 2 team: 1 x: 305.81176757813 y: 374
>>> SPAWNING POTATO: 3 team: 2 x: 661.26525878906 y: 284
>>> SPAWNING POTATO: 4 team: 2 x: 770.80749511719 y: 296
>>> TERRAIN ON_MESSAGE GENERATE_TERRAIN: hills
>>> PROJECTILE DETONATING AT: 321.70159147023 297.35538117695 weapon: grenade
>>> TERRAIN ON_MESSAGE CARVE_CRATER at: 321.70159147023 297.35538117695 r: 36
>>> EXPLOSION INIT RADIUS: 36
>>> PROJECTILE DETONATING AT: 589.15991210938 349.02880859375 weapon: knife
>>> TERRAIN ON_MESSAGE CARVE_CRATER at: 589.15991210938 349.02880859375 r: 14
>>> EXPLOSION INIT RADIUS: 14
>>> MAIN SCRIPT INIT STARTED
>>> TERRAIN INIT STARTED
>>> TERRAIN INIT FINISHED WITH DYNAMIC ATLAS SUCCESS!
>>> SPAWNING POTATO: 1 team: 1 x: 183.21716308594 y: 358
>>> SPAWNING POTATO: 2 team: 1 x: 305.81176757813 y: 374
>>> SPAWNING POTATO: 3 team: 2 x: 661.26525878906 y: 284
>>> SPAWNING POTATO: 4 team: 2 x: 770.80749511719 y: 296
>>> TERRAIN ON_MESSAGE GENERATE_TERRAIN: hills
>>> PROJECTILE DETONATING AT: 468.1022527371 396.78533921963 weapon: molotov
>>> TERRAIN ON_MESSAGE CARVE_CRATER at: 468.1022527371 396.78533921963 r: 18
>>> EXPLOSION INIT RADIUS: 18
>>> TERRAIN ON_MESSAGE CARVE_CRATER at: 487.6432800293 403.89532470703 r: 4.8
>>> TERRAIN ON_MESSAGE CARVE_CRATER at: 505.24337768555 403.74850463867 r: 4.8
>>> TERRAIN ON_MESSAGE CARVE_CRATER at: 457.9167175293 392.56530761719 r: 4.8
>>> TERRAIN ON_MESSAGE CARVE_CRATER at: 446.6032409668 383.99291992188 r: 4.8
>>> TERRAIN ON_MESSAGE CARVE_CRATER at: 446.72775268555 391.5234375 r: 4.8
>>> TERRAIN ON_MESSAGE CARVE_CRATER at: 458.08029174805 381.81945800781 r: 4.8
>>> TERRAIN ON_MESSAGE CARVE_CRATER at: 487.6432800293 397.49624633789 r: 4.8
>>> TERRAIN ON_MESSAGE CARVE_CRATER at: 458.08029174805 375.42037963867 r: 4.8
>>> TERRAIN ON_MESSAGE CARVE_CRATER at: 505.24337768555 397.34942626953 r: 4.8
>>> TERRAIN ON_MESSAGE CARVE_CRATER at: 457.9167175293 377.36465454102 r: 4.8
>>> TERRAIN ON_MESSAGE CARVE_CRATER at: 446.6032409668 365.59146118164 r: 4.8
>>> TERRAIN ON_MESSAGE CARVE_CRATER at: 446.72775268555 367.51986694336 r: 4.8
>>> TERRAIN ON_MESSAGE CARVE_CRATER at: 487.6432800293 391.88919067383 r: 4.8
>>> TERRAIN ON_MESSAGE CARVE_CRATER at: 458.08029174805 369.81332397461 r: 4.8
>>> TERRAIN ON_MESSAGE CARVE_CRATER at: 505.24337768555 391.74237060547 r: 4.8
>>> TERRAIN ON_MESSAGE CARVE_CRATER at: 457.9167175293 371.75759887695 r: 4.8
>>> TERRAIN ON_MESSAGE CARVE_CRATER at: 446.6032409668 359.98440551758 r: 4.8
>>> TERRAIN ON_MESSAGE CARVE_CRATER at: 446.72775268555 359.50958251953 r: 4.8
>>> TERRAIN ON_MESSAGE CARVE_CRATER at: 487.6432800293 385.49249267578 r: 4.8
>>> TERRAIN ON_MESSAGE CARVE_CRATER at: 458.08029174805 363.41662597656 r: 4.8
>>> TERRAIN ON_MESSAGE CARVE_CRATER at: 505.24337768555 385.34567260742 r: 4.8
>>> TERRAIN ON_MESSAGE CARVE_CRATER at: 457.9167175293 365.36090087891 r: 4.8
>>> TERRAIN ON_MESSAGE CARVE_CRATER at: 446.6032409668 353.58770751953 r: 4.8
>>> TERRAIN ON_MESSAGE CARVE_CRATER at: 446.72775268555 353.9089050293 r: 4.8
>>> TERRAIN ON_MESSAGE CARVE_CRATER at: 487.6432800293 379.89486694336 r: 4.8
>>> TERRAIN ON_MESSAGE CARVE_CRATER at: 458.08029174805 357.81900024414 r: 4.8
>>> TERRAIN ON_MESSAGE CARVE_CRATER at: 505.24337768555 379.748046875 r: 4.8
>>> TERRAIN ON_MESSAGE CARVE_CRATER at: 457.9167175293 359.76327514648 r: 4.8
>>> TERRAIN ON_MESSAGE CARVE_CRATER at: 446.6032409668 347.99008178711 r: 4.8
>>> TERRAIN ON_MESSAGE CARVE_CRATER at: 446.72775268555 347.49948120117 r: 4.8
>>> TERRAIN ON_MESSAGE CARVE_CRATER at: 487.6432800293 373.49438476563 r: 4.8
>>> TERRAIN ON_MESSAGE CARVE_CRATER at: 458.08029174805 351.41851806641 r: 4.8
>>> TERRAIN ON_MESSAGE CARVE_CRATER at: 505.24337768555 373.34756469727 r: 4.8
>>> TERRAIN ON_MESSAGE CARVE_CRATER at: 457.9167175293 353.36279296875 r: 4.8
>>> TERRAIN ON_MESSAGE CARVE_CRATER at: 446.6032409668 341.58959960938 r: 4.8
>>> TERRAIN ON_MESSAGE CARVE_CRATER at: 446.72775268555 341.89950561523 r: 4.8
>>> PROJECTILE DETONATING AT: 544.03627093441 355.90123304721 weapon: bazooka
>>> TERRAIN ON_MESSAGE CARVE_CRATER at: 544.03627093441 355.90123304721 r: 48
>>> EXPLOSION INIT RADIUS: 48
>>> PROJECTILE DETONATING AT: 370.27174658208 303.62817640301 weapon: shotgun
>>> TERRAIN ON_MESSAGE CARVE_CRATER at: 370.27174658208 303.62817640301 r: 10
>>> EXPLOSION INIT RADIUS: 10
>>> PROJECTILE DETONATING AT: 408.09424509956 316.94039652279 weapon: shotgun
>>> TERRAIN ON_MESSAGE CARVE_CRATER at: 408.09424509956 316.94039652279 r: 10
>>> EXPLOSION INIT RADIUS: 10
>>> PROJECTILE DETONATING AT: 415.38281416883 326.1040748494 weapon: shotgun
>>> TERRAIN ON_MESSAGE CARVE_CRATER at: 415.38281416883 326.1040748494 r: 10
>>> EXPLOSION INIT RADIUS: 10
>>> PROJECTILE DETONATING AT: 422.67718184539 337.21101237365 weapon: shotgun
>>> TERRAIN ON_MESSAGE CARVE_CRATER at: 422.67718184539 337.21101237365 r: 10
>>> EXPLOSION INIT RADIUS: 10
>>> PROJECTILE DETONATING AT: 434.10735943354 353.02750758429 weapon: shotgun
>>> TERRAIN ON_MESSAGE CARVE_CRATER at: 434.10735943354 353.02750758429 r: 10
>>> EXPLOSION INIT RADIUS: 10
>>> PROJECTILE DETONATING AT: 353.67279689295 296.41124165062 weapon: holy_grenade
>>> TERRAIN ON_MESSAGE CARVE_CRATER at: 353.67279689295 296.41124165062 r: 55
>>> EXPLOSION INIT RADIUS: 55
>>> PROJECTILE DETONATING AT: 410.68443575274 307.10120952615 weapon: shotgun
>>> TERRAIN ON_MESSAGE CARVE_CRATER at: 410.68443575274 307.10120952615 r: 10
>>> EXPLOSION INIT RADIUS: 10
>>> PROJECTILE DETONATING AT: 426.67167157171 327.49735121101 weapon: shotgun
>>> TERRAIN ON_MESSAGE CARVE_CRATER at: 426.67167157171 327.49735121101 r: 10
>>> EXPLOSION INIT RADIUS: 10
>>> PROJECTILE DETONATING AT: 464.80399702569 353.2768059151 weapon: shotgun
>>> TERRAIN ON_MESSAGE CARVE_CRATER at: 464.80399702569 353.2768059151 r: 10
>>> EXPLOSION INIT RADIUS: 10
>>> PROJECTILE DETONATING AT: 464.11393469068 378.63633696979 weapon: shotgun
>>> TERRAIN ON_MESSAGE CARVE_CRATER at: 464.11393469068 378.63633696979 r: 10
>>> EXPLOSION INIT RADIUS: 10
>>> PROJECTILE DETONATING AT: 2286.23828125 467.99423217773 weapon: shotgun
>>> TERRAIN ON_MESSAGE CARVE_CRATER at: 2286.23828125 467.99423217773 r: 10
>>> EXPLOSION INIT RADIUS: 10
>>> PROJECTILE DETONATING AT: 497.41483487569 345.37616391618 weapon: burst
>>> TERRAIN ON_MESSAGE CARVE_CRATER at: 497.41483487569 345.37616391618 r: 12
>>> EXPLOSION INIT RADIUS: 12
>>> PROJECTILE DETONATING AT: 487.61153766056 353.24731380212 weapon: burst
>>> TERRAIN ON_MESSAGE CARVE_CRATER at: 487.61153766056 353.24731380212 r: 12
>>> EXPLOSION INIT RADIUS: 12
>>> PROJECTILE DETONATING AT: 475.52036429284 351.99464475375 weapon: burst
>>> TERRAIN ON_MESSAGE CARVE_CRATER at: 475.52036429284 351.99464475375 r: 12
>>> EXPLOSION INIT RADIUS: 12
>>> EXPLOSION INIT RADIUS: 12
>>> PROJECTILE DETONATING AT: 742.72435619946 268.96016366586 weapon: molotov
>>> TERRAIN ON_MESSAGE CARVE_CRATER at: 742.72435619946 268.96016366586 r: 18
>>> EXPLOSION INIT RADIUS: 18
>>> TERRAIN ON_MESSAGE CARVE_CRATER at: 710.02416992188 255.5230255127 r: 4.8
>>> TERRAIN ON_MESSAGE CARVE_CRATER at: 721.45727539063 263.13348388672 r: 4.8
>>> TERRAIN ON_MESSAGE CARVE_CRATER at: 763.29809570313 259.81317138672 r: 4.8
>>> TERRAIN ON_MESSAGE CARVE_CRATER at: 748.37133789063 260.62371826172 r: 4.8
>>> TERRAIN ON_MESSAGE CARVE_CRATER at: 760.84692382813 251.43064880371 r: 4.8
>>> TERRAIN ON_MESSAGE CARVE_CRATER at: 747.39477539063 265.69207763672 r: 4.8
>>> TERRAIN ON_MESSAGE CARVE_CRATER at: 710.02416992188 249.91470336914 r: 4.8
>>> TERRAIN ON_MESSAGE CARVE_CRATER at: 747.39477539063 247.28283691406 r: 4.8
>>> TERRAIN ON_MESSAGE CARVE_CRATER at: 721.45727539063 253.51446533203 r: 4.8
>>> TERRAIN ON_MESSAGE CARVE_CRATER at: 763.29809570313 245.40075683594 r: 4.8
>>> TERRAIN ON_MESSAGE CARVE_CRATER at: 748.37133789063 247.82217407227 r: 4.8
>>> TERRAIN ON_MESSAGE CARVE_CRATER at: 760.84692382813 245.82232666016 r: 4.8
>>> TERRAIN ON_MESSAGE CARVE_CRATER at: 710.02416992188 243.49603271484 r: 4.8
>>> TERRAIN ON_MESSAGE CARVE_CRATER at: 747.39477539063 241.67919921875 r: 4.8
>>> TERRAIN ON_MESSAGE CARVE_CRATER at: 721.45727539063 247.91082763672 r: 4.8
>>> TERRAIN ON_MESSAGE CARVE_CRATER at: 763.29809570313 239.79711914063 r: 4.8
>>> TERRAIN ON_MESSAGE CARVE_CRATER at: 748.37133789063 241.40350341797 r: 4.8
>>> TERRAIN ON_MESSAGE CARVE_CRATER at: 760.84692382813 239.40365600586 r: 4.8
>>> TERRAIN ON_MESSAGE CARVE_CRATER at: 710.02416992188 237.89761352539 r: 4.8
>>> TERRAIN ON_MESSAGE CARVE_CRATER at: 747.39477539063 235.2776184082 r: 4.8
>>> TERRAIN ON_MESSAGE CARVE_CRATER at: 721.45727539063 241.50924682617 r: 4.8
>>> TERRAIN ON_MESSAGE CARVE_CRATER at: 763.29809570313 233.39553833008 r: 4.8
>>> TERRAIN ON_MESSAGE CARVE_CRATER at: 748.37133789063 235.80508422852 r: 4.8
>>> TERRAIN ON_MESSAGE CARVE_CRATER at: 760.84692382813 233.80523681641 r: 4.8
>>> TERRAIN ON_MESSAGE CARVE_CRATER at: 710.02416992188 231.49592590332 r: 4.8
>>> TERRAIN ON_MESSAGE CARVE_CRATER at: 747.39477539063 229.67657470703 r: 4.8
>>> TERRAIN ON_MESSAGE CARVE_CRATER at: 721.45727539063 235.908203125 r: 4.8
>>> TERRAIN ON_MESSAGE CARVE_CRATER at: 763.29809570313 227.79449462891 r: 4.8
>>> TERRAIN ON_MESSAGE CARVE_CRATER at: 748.37133789063 229.40339660645 r: 4.8
>>> TERRAIN ON_MESSAGE CARVE_CRATER at: 760.84692382813 227.40354919434 r: 4.8
>>> TERRAIN ON_MESSAGE CARVE_CRATER at: 710.02416992188 225.89016723633 r: 4.8
>>> TERRAIN ON_MESSAGE CARVE_CRATER at: 747.39477539063 223.26998901367 r: 4.8
>>> TERRAIN ON_MESSAGE CARVE_CRATER at: 721.45727539063 229.50161743164 r: 4.8
>>> TERRAIN ON_MESSAGE CARVE_CRATER at: 763.29809570313 221.38790893555 r: 4.8
>>> TERRAIN ON_MESSAGE CARVE_CRATER at: 748.37133789063 223.79763793945 r: 4.8
>>> TERRAIN ON_MESSAGE CARVE_CRATER at: 760.84692382813 221.79779052734 r: 4.8
